-- Automatically generated by SQLQueryTestSuite
-- Number of queries: 17


-- !query 0
create temporary view s1 as select * from values
    (1), (3), (5), (7), (9)
  as s1(id)
-- !query 0 schema
struct<>
-- !query 0 output


-- !query 1
create temporary view s2 as select * from values
    (1), (3), (4), (6), (9)
  as s2(id)
-- !query 1 schema
struct<>
-- !query 1 output


-- !query 2
create temporary view s3 as select * from values
    (3), (4), (6), (9)
  as s3(id)
-- !query 2 schema
struct<>
-- !query 2 output


-- !query 3
SELECT s1.id FROM s1
JOIN s2 ON s1.id = s2.id
AND s1.id IN (SELECT 9)
-- !query 3 schema
struct<id:int>
-- !query 3 output
9


-- !query 4
SELECT s1.id FROM s1
JOIN s2 ON s1.id = s2.id
AND s1.id NOT IN (SELECT 9)
-- !query 4 schema
struct<id:int>
-- !query 4 output
1
3


-- !query 5
SELECT s1.id FROM s1
JOIN s2 ON s1.id = s2.id
AND s1.id IN (SELECT id FROM s3)
-- !query 5 schema
struct<id:int>
-- !query 5 output
3
9


-- !query 6
SELECT s1.id AS id2 FROM s1
LEFT SEMI JOIN s2
ON s1.id = s2.id
AND s1.id IN (SELECT id FROM s3)
-- !query 6 schema
struct<id2:int>
-- !query 6 output
3
9


-- !query 7
SELECT s1.id as id2 FROM s1
LEFT ANTI JOIN s2
ON s1.id = s2.id
AND s1.id IN (SELECT id FROM s3)
-- !query 7 schema
struct<id2:int>
-- !query 7 output
1
5
7


-- !query 8
SELECT s1.id, s2.id as id2 FROM s1
LEFT OUTER JOIN s2
ON s1.id = s2.id
AND s1.id IN (SELECT id FROM s3)
-- !query 8 schema
struct<id:int,id2:int>
-- !query 8 output
1	NULL
3	3
5	NULL
7	NULL
9	9


-- !query 9
SELECT s1.id, s2.id as id2 FROM s1
RIGHT OUTER JOIN s2
ON s1.id = s2.id
AND s1.id IN (SELECT id FROM s3)
-- !query 9 schema
struct<id:int,id2:int>
-- !query 9 output
3	3
9	9
NULL	1
NULL	4
NULL	6


-- !query 10
SELECT s1.id, s2.id AS id2 FROM s1
FULL OUTER JOIN s2
ON s1.id = s2.id
AND s1.id IN (SELECT id FROM s3)
-- !query 10 schema
struct<id:int,id2:int>
-- !query 10 output
1	NULL
3	3
5	NULL
7	NULL
9	9
NULL	1
NULL	4
NULL	6


-- !query 11
SELECT s1.id FROM s1
JOIN s2 ON s1.id = s2.id
AND s1.id NOT IN (SELECT id FROM s3)
-- !query 11 schema
struct<id:int>
-- !query 11 output
1


-- !query 12
SELECT s1.id AS id2 FROM s1
LEFT SEMI JOIN s2
ON s1.id = s2.id
AND s1.id NOT IN (SELECT id FROM s3)
-- !query 12 schema
struct<id2:int>
-- !query 12 output
1


-- !query 13
SELECT s1.id AS id2 FROM s1
LEFT ANTI JOIN s2
ON s1.id = s2.id
AND s1.id NOT IN (SELECT id FROM s3)
-- !query 13 schema
struct<id2:int>
-- !query 13 output
3
5
7
9


-- !query 14
SELECT s1.id, s2.id AS id2 FROM s1
LEFT OUTER JOIN s2
ON s1.id = s2.id
AND s1.id NOT IN (SELECT id FROM s3)
-- !query 14 schema
struct<id:int,id2:int>
-- !query 14 output
1	1
3	NULL
5	NULL
7	NULL
9	NULL


-- !query 15
SELECT s1.id, s2.id AS id2 FROM s1
RIGHT OUTER JOIN s2
ON s1.id = s2.id
AND s1.id NOT IN (SELECT id FROM s3)
-- !query 15 schema
struct<id:int,id2:int>
-- !query 15 output
1	1
NULL	3
NULL	4
NULL	6
NULL	9

-- !query 16
SELECT s1.id, s2.id AS id2 FROM s1
FULL OUTER JOIN s2
ON s1.id = s2.id
AND s1.id NOT IN (SELECT id FROM s3)
-- !query 16 schema
struct<id:int,id2:int>
-- !query 16 output
1	1
3	NULL
5	NULL
7	NULL
9	NULL
NULL	3
NULL	4
NULL	6
NULL	9
