-- Automatically generated by SQLQueryTestSuite
-- !query
SELECT hex(ST_AsBinary(ST_GeogFromWKB(X'0101000000000000000000f03f0000000000000040'))) AS result
-- !query schema
struct<result:string>
-- !query output
0101000000000000000000F03F0000000000000040


-- !query
SELECT hex(ST_AsBinary(ST_GeomFromWKB(X'0101000000000000000000f03f0000000000000040'))) AS result
-- !query schema
struct<result:string>
-- !query output
0101000000000000000000F03F0000000000000040
